// Jest Snapshot v1, https://goo.gl/fbAQLP

exports[`Test buffers handles buffers as input 1`] = `
Program {
  "children": Array [
    Echo {
      "arguments": Array [
        String {
          "isDoubleQuote": true,
          "kind": "string",
          "raw": "\\"test\\"",
          "value": "test",
        },
      ],
      "kind": "echo",
      "shortForm": false,
    },
  ],
  "errors": Array [],
  "kind": "program",
}
`;
